// Jest Snapshot v1, https://goo.gl/fbAQLP

exports[`validateFile function 1`] = `
Object {
  "duplicateKeys": Array [
    Object {
      "accountNumber": "NL90ABNA0585647886",
      "description": "Flowers for Richard Bakker",
      "endBalance": 109.53,
      "mutation": 14.63,
      "reference": 138932,
      "startBalance": 94.9,
    },
    Object {
      "accountNumber": "NL93ABNA0585619023",
      "description": "Candy from Vincent de Vries",
      "endBalance": 6368,
      "mutation": -939,
      "reference": 138932,
      "startBalance": 5429,
    },
  ],
  "invalidEndBalance": Array [
    Object {
      "accountNumber": "NL93ABNA0585619023",
      "description": "Candy from Vincent de Vries",
      "endBalance": 6368,
      "mutation": -939,
      "reference": 138932,
      "startBalance": 5429,
    },
  ],
}
`;
